
> my-v0-project@0.1.0 build
> next build --webpack

[baseline-browser-mapping] The data in this module is over two months old.  To ensure accurate Baseline data, please update: `npm i baseline-browser-mapping@latest -D`
   ▲ Next.js 16.0.7 (webpack)
   - Environments: .env.local, .env
   - Experiments (use with caution):
     · optimizePackageImports

   Creating an optimized production build ...
 ✓ Compiled successfully in 4.2min
   Skipping validation of types
   Collecting page data using 3 workers ...
[baseline-browser-mapping] The data in this module is over two months old.  To ensure accurate Baseline data, please update: `npm i baseline-browser-mapping@latest -D`
[baseline-browser-mapping] The data in this module is over two months old.  To ensure accurate Baseline data, please update: `npm i baseline-browser-mapping@latest -D`
[baseline-browser-mapping] The data in this module is over two months old.  To ensure accurate Baseline data, please update: `npm i baseline-browser-mapping@latest -D`
   Generating static pages using 3 workers (0/128) ...
[baseline-browser-mapping] The data in this module is over two months old.  To ensure accurate Baseline data, please update: `npm i baseline-browser-mapping@latest -D`
[baseline-browser-mapping] The data in this module is over two months old.  To ensure accurate Baseline data, please update: `npm i baseline-browser-mapping@latest -D`
[baseline-browser-mapping] The data in this module is over two months old.  To ensure accurate Baseline data, please update: `npm i baseline-browser-mapping@latest -D`
   Generating static pages using 3 workers (2/128) 
   Generating static pages using 3 workers (32/128) 
   Generating static pages using 3 workers (64/128) 
   Generating static pages using 3 workers (96/128) 
 ✓ Generating static pages using 3 workers (128/128) in 102s
   Finalizing page optimization ...
   Collecting build traces ...

Route (app)
┌ ƒ /
├ ○ /_not-found
├ ○ /ai
├ ƒ /analytics
├ ƒ /api/activity-history
├ ƒ /api/activity-history/[id]
├ ƒ /api/ai-conversations
├ ƒ /api/ai-conversations/[id]
├ ƒ /api/ai/analyze-image
├ ƒ /api/ai/chat-session
├ ƒ /api/ai/code-execute
├ ƒ /api/ai/cognitive-engine
├ ƒ /api/ai/cognitive-engine/apply-schedule
├ ƒ /api/ai/command
├ ƒ /api/ai/execute
├ ƒ /api/ai/generate
├ ƒ /api/ai/parse-document
├ ƒ /api/ai/stream
├ ƒ /api/ai/transcribe
├ ƒ /api/ai/web-search
├ ƒ /api/analytics
├ ƒ /api/artifacts/generate
├ ƒ /api/auth/[...nextauth]
├ ƒ /api/auth/mobile/google
├ ƒ /api/auth/mobile/login
├ ƒ /api/auth/signup
├ ƒ /api/billing/checkout
├ ƒ /api/billing/portal
├ ƒ /api/billing/status
├ ƒ /api/books
├ ƒ /api/books/[id]
├ ƒ /api/books/recommendations
├ ƒ /api/books/search
├ ƒ /api/business
├ ƒ /api/business/analytics
├ ƒ /api/business/deals
├ ƒ /api/business/deals/[id]
├ ƒ /api/calendar/events
├ ƒ /api/calendar/google
├ ƒ /api/checklist
├ ƒ /api/checklist/[id]
├ ƒ /api/clients
├ ƒ /api/clients/[id]
├ ƒ /api/cognitive-twin/demo
├ ƒ /api/cognitive-twin/sync
├ ƒ /api/cognitive/biometrics
├ ƒ /api/cognitive/daily-summary
├ ƒ /api/cognitive/decisions
├ ƒ /api/cognitive/graph
├ ƒ /api/cognitive/insight
├ ƒ /api/cognitive/metrics-history
├ ƒ /api/cognitive/patterns
├ ƒ /api/contacts
├ ƒ /api/events
├ ƒ /api/events/push
├ ƒ /api/experiment/today
├ ƒ /api/fitness
├ ƒ /api/fitness/steps
├ ƒ /api/fitness/workout
├ ƒ /api/focus-sessions
├ ƒ /api/friends
├ ƒ /api/goals
├ ƒ /api/goals/[id]
├ ƒ /api/gratitudes
├ ƒ /api/gratitudes/[id]
├ ƒ /api/grok/chat
├ ƒ /api/inngest
├ ƒ /api/integration/drive
├ ƒ /api/integration/notion
├ ƒ /api/integration/notion/callback
├ ƒ /api/integration/notion/connect
├ ƒ /api/integration/sync
├ ƒ /api/integration/today
├ ƒ /api/integration/urgent
├ ƒ /api/messages
├ ƒ /api/music/follow
├ ƒ /api/music/history
├ ƒ /api/music/liked
├ ƒ /api/music/playlists
├ ƒ /api/music/playlists/[id]
├ ƒ /api/notes
├ ƒ /api/notes/[id]
├ ƒ /api/notes/categorize
├ ƒ /api/onboarding/analyze
├ ƒ /api/profile
├ ƒ /api/projects
├ ƒ /api/projects/[id]
├ ƒ /api/quick-notes
├ ƒ /api/routines
├ ƒ /api/routines/[id]
├ ƒ /api/routines/completions
├ ƒ /api/routines/import-batch
├ ƒ /api/routines/parse
├ ƒ /api/school/analytics
├ ƒ /api/school/courses
├ ƒ /api/school/courses/[id]
├ ƒ /api/school/grades
├ ƒ /api/school/grades/[id]
├ ƒ /api/stats/productivity
├ ƒ /api/subjects
├ ƒ /api/subjects/[id]
├ ƒ /api/tasks
├ ƒ /api/tasks/[id]
├ ƒ /api/templates
├ ƒ /api/templates/[id]
├ ƒ /api/templates/use
├ ƒ /api/timeblocks/create
├ ƒ /api/trackers
├ ƒ /api/trackers/[id]
├ ƒ /api/trackers/[id]/entries
├ ƒ /api/user-settings
├ ƒ /api/users/search
├ ƒ /api/webhooks/calendar
├ ƒ /api/webhooks/stripe
├ ƒ /api/youtube/account
├ ƒ /api/youtube/playlists/[id]
├ ƒ /api/youtube/search
├ ƒ /api/ytmusic/album/[id]
├ ƒ /api/ytmusic/artist/[id]
├ ƒ /api/ytmusic/home
├ ƒ /api/ytmusic/playlists/[id]/tracks
├ ƒ /api/ytmusic/recommendations
├ ƒ /api/ytmusic/search
├ ƒ /api/ytmusic/status
├ ƒ /api/ytmusic/top
├ ○ /appearance
├ ƒ /auth/mobile
├ ○ /auth/signin
├ ○ /auth/signup
├ ○ /business
├ ○ /calendar
├ ○ /checklist
├ ○ /cognitive
├ ○ /experiment
├ ○ /focus
├ ○ /landing
├ ○ /library
├ ○ /music
├ ƒ /music/artist/[id]
├ ○ /notes
├ ○ /onboarding
├ ○ /privacy
├ ○ /profile
├ ○ /projects
├ ○ /routines
├ ○ /school
├ ○ /settings
├ ○ /social
├ ○ /spiritual
├ ○ /templates
├ ○ /terms
├ ○ /today
├ ○ /trackers
└ ○ /welcome


○  (Static)   prerendered as static content
ƒ  (Dynamic)  server-rendered on demand

BUILD EXIT: 0
